---
http_interactions:
- request:
    method: get
    uri: https://api.themoviedb.org/3/movie/238?api_key=86f361cca6ee286354949e22ca339323&language=en-US
    body:
      encoding: US-ASCII
      string: ''
    headers:
      User-Agent:
      - Faraday v2.7.4
      Accept-Encoding:
      - gzip;q=1.0,deflate;q=0.6,identity;q=0.3
      Accept:
      - "*/*"
  response:
    status:
      code: 200
      message: OK
    headers:
      Content-Type:
      - application/json;charset=utf-8
      Transfer-Encoding:
      - chunked
      Connection:
      - keep-alive
      Date:
      - Mon, 03 Apr 2023 17:59:21 GMT
      Server:
      - openresty
      Cache-Control:
      - public, max-age=24538
      X-Memc:
      - HIT
      X-Memc-Key:
      - 9d48db5c244b9c3e3d162ef155211175
      X-Memc-Age:
      - '7149'
      X-Memc-Expires:
      - '8457'
      Etag:
      - W/"d83513abde3474fb4d2c5ff7ac43eb26"
      Vary:
      - Accept-Encoding
      - Origin
      X-Cache:
      - Hit from cloudfront
      Via:
      - 1.1 ecddf7c2880cdca1fc448f578fd6d1d8.cloudfront.net (CloudFront)
      X-Amz-Cf-Pop:
      - LAX53-P3
      Alt-Svc:
      - h3=":443"; ma=86400
      X-Amz-Cf-Id:
      - LEukp1mBOnlURehTLvgpljP6flv5ExTo5SuvUcTKQgxLlBoxw0RjSA==
      Age:
      - '860'
    body:
      encoding: ASCII-8BIT
      string: '{"adult":false,"backdrop_path":"/tmU7GeKVybMWFButWEGl2M4GeiP.jpg","belongs_to_collection":{"id":230,"name":"The
        Godfather Collection","poster_path":"/9Baumh5J9N1nJUYzNkm0xsgjpwY.jpg","backdrop_path":"/3WZTxpgscsmoUk81TuECXdFOD0R.jpg"},"budget":6000000,"genres":[{"id":18,"name":"Drama"},{"id":80,"name":"Crime"}],"homepage":"http://www.thegodfather.com/","id":238,"imdb_id":"tt0068646","original_language":"en","original_title":"The
        Godfather","overview":"Spanning the years 1945 to 1955, a chronicle of the
        fictional Italian-American Corleone crime family. When organized crime family
        patriarch, Vito Corleone barely survives an attempt on his life, his youngest
        son, Michael steps in to take care of the would-be killers, launching a campaign
        of bloody revenge.","popularity":116.283,"poster_path":"/3bhkrj58Vtu7enYsRolD1fZdja1.jpg","production_companies":[{"id":4,"logo_path":"/gz66EfNoYPqHTYI4q9UEN4CbHRc.png","name":"Paramount","origin_country":"US"},{"id":10211,"logo_path":null,"name":"Alfran
        Productions","origin_country":"US"}],"production_countries":[{"iso_3166_1":"US","name":"United
        States of America"}],"release_date":"1972-03-14","revenue":245066411,"runtime":175,"spoken_languages":[{"english_name":"English","iso_639_1":"en","name":"English"},{"english_name":"Italian","iso_639_1":"it","name":"Italiano"},{"english_name":"Latin","iso_639_1":"la","name":"Latin"}],"status":"Released","tagline":"An
        offer you can''t refuse.","title":"The Godfather","video":false,"vote_average":8.712,"vote_count":17680}'
  recorded_at: Mon, 03 Apr 2023 18:13:41 GMT
- request:
    method: get
    uri: https://api.themoviedb.org/3/movie/239?api_key=86f361cca6ee286354949e22ca339323&language=en-US
    body:
      encoding: US-ASCII
      string: ''
    headers:
      User-Agent:
      - Faraday v2.7.4
      Accept-Encoding:
      - gzip;q=1.0,deflate;q=0.6,identity;q=0.3
      Accept:
      - "*/*"
  response:
    status:
      code: 200
      message: OK
    headers:
      Content-Type:
      - application/json;charset=utf-8
      Transfer-Encoding:
      - chunked
      Connection:
      - keep-alive
      Date:
      - Mon, 03 Apr 2023 17:59:33 GMT
      Server:
      - openresty
      Cache-Control:
      - public, max-age=25131
      X-Memc:
      - HIT
      X-Memc-Key:
      - d4b7ee17e759643759854c4968846943
      X-Memc-Age:
      - '7668'
      X-Memc-Expires:
      - '8181'
      Etag:
      - W/"80c90f80fbf10a42a32cad7cd70de79a"
      Vary:
      - Accept-Encoding
      - Origin
      X-Cache:
      - Hit from cloudfront
      Via:
      - 1.1 48c63ba47fad740451a07174d1ac9b68.cloudfront.net (CloudFront)
      X-Amz-Cf-Pop:
      - LAX53-P3
      Alt-Svc:
      - h3=":443"; ma=86400
      X-Amz-Cf-Id:
      - tzd5VA1_1oWvAKABurc-z74tuc616rt6vK1tqLzezsInX6TmieWUaw==
      Age:
      - '848'
    body:
      encoding: ASCII-8BIT
      string: '{"adult":false,"backdrop_path":"/5zTwAcnI3zCJ0mucPPnoBtkSWEV.jpg","belongs_to_collection":null,"budget":2883848,"genres":[{"id":35,"name":"Comedy"},{"id":10402,"name":"Music"},{"id":10749,"name":"Romance"},{"id":80,"name":"Crime"}],"homepage":"","id":239,"imdb_id":"tt0053291","original_language":"en","original_title":"Some
        Like It Hot","overview":"Two musicians witness a mob hit and struggle to find
        a way out of the city before they are found by the gangsters. Their only opportunity
        is to join an all-girl band as they leave on a tour. To make their getaway
        they must first disguise themselves as women, then keep their identities secret
        and deal with the problems this brings - such as an attractive bandmate and
        a very determined suitor.","popularity":26.751,"poster_path":"/hVIKyTK13AvOGv7ICmJjK44DTzp.jpg","production_companies":[{"id":219,"logo_path":null,"name":"The
        Mirisch Company","origin_country":"US"},{"id":11982,"logo_path":null,"name":"Ashton
        Productions","origin_country":""},{"id":60,"logo_path":"/1SEj4nyG3JPBSKBbFhtdcHRaIF9.png","name":"United
        Artists","origin_country":"US"}],"production_countries":[{"iso_3166_1":"US","name":"United
        States of America"}],"release_date":"1959-03-19","revenue":25000000,"runtime":122,"spoken_languages":[{"english_name":"English","iso_639_1":"en","name":"English"}],"status":"Released","tagline":"Marilyn
        Monroe and her bosom companions... Tony Curtis... Jack Lemmon...","title":"Some
        Like It Hot","video":false,"vote_average":8.123,"vote_count":2992}'
  recorded_at: Mon, 03 Apr 2023 18:13:41 GMT
- request:
    method: get
    uri: https://api.themoviedb.org/3/movie/550?api_key=86f361cca6ee286354949e22ca339323&language=en-US
    body:
      encoding: US-ASCII
      string: ''
    headers:
      User-Agent:
      - Faraday v2.7.4
      Accept-Encoding:
      - gzip;q=1.0,deflate;q=0.6,identity;q=0.3
      Accept:
      - "*/*"
  response:
    status:
      code: 200
      message: OK
    headers:
      Content-Type:
      - application/json;charset=utf-8
      Transfer-Encoding:
      - chunked
      Connection:
      - keep-alive
      Date:
      - Mon, 03 Apr 2023 17:58:48 GMT
      Server:
      - openresty
      Cache-Control:
      - public, max-age=23669
      X-Memc:
      - HIT
      X-Memc-Key:
      - 86a19bcac53cd02291bef63cf5445bc3
      X-Memc-Age:
      - '6783'
      X-Memc-Expires:
      - '9076'
      Etag:
      - W/"38813d5f5e0b6bb952812dd218afc6e6"
      Vary:
      - Accept-Encoding
      - Origin
      X-Cache:
      - Hit from cloudfront
      Via:
      - 1.1 ef88a3146516c439b6a29b5eb3daa20a.cloudfront.net (CloudFront)
      X-Amz-Cf-Pop:
      - LAX53-P3
      Alt-Svc:
      - h3=":443"; ma=86400
      X-Amz-Cf-Id:
      - RGqaOA_pWUHzz3usMawnUP_zpj7otn8IEScviVzJHF5znMcAceXxTQ==
      Age:
      - '894'
    body:
      encoding: ASCII-8BIT
      string: '{"adult":false,"backdrop_path":"/hZkgoQYus5vegHoetLkCJzb17zJ.jpg","belongs_to_collection":null,"budget":63000000,"genres":[{"id":18,"name":"Drama"},{"id":53,"name":"Thriller"},{"id":35,"name":"Comedy"}],"homepage":"http://www.foxmovies.com/movies/fight-club","id":550,"imdb_id":"tt0137523","original_language":"en","original_title":"Fight
        Club","overview":"A ticking-time-bomb insomniac and a slippery soap salesman
        channel primal male aggression into a shocking new form of therapy. Their
        concept catches on, with underground \"fight clubs\" forming in every town,
        until an eccentric gets in the way and ignites an out-of-control spiral toward
        oblivion.","popularity":82.863,"poster_path":"/pB8BM7pdSp6B6Ih7QZ4DrQ3PmJK.jpg","production_companies":[{"id":508,"logo_path":"/7cxRWzi4LsVm4Utfpr1hfARNurT.png","name":"Regency
        Enterprises","origin_country":"US"},{"id":711,"logo_path":"/tEiIH5QesdheJmDAqQwvtN60727.png","name":"Fox
        2000 Pictures","origin_country":"US"},{"id":20555,"logo_path":"/hD8yEGUBlHOcfHYbujp71vD8gZp.png","name":"Taurus
        Film","origin_country":"DE"},{"id":54051,"logo_path":null,"name":"Atman Entertainment","origin_country":""},{"id":54052,"logo_path":null,"name":"Knickerbocker
        Films","origin_country":"US"},{"id":4700,"logo_path":"/A32wmjrs9Psf4zw0uaixF0GXfxq.png","name":"The
        Linson Company","origin_country":"US"},{"id":25,"logo_path":"/qZCc1lty5FzX30aOCVRBLzaVmcp.png","name":"20th
        Century Fox","origin_country":"US"}],"production_countries":[{"iso_3166_1":"US","name":"United
        States of America"}],"release_date":"1999-10-15","revenue":100853753,"runtime":139,"spoken_languages":[{"english_name":"English","iso_639_1":"en","name":"English"}],"status":"Released","tagline":"Mischief.
        Mayhem. Soap.","title":"Fight Club","video":false,"vote_average":8.431,"vote_count":26114}'
  recorded_at: Mon, 03 Apr 2023 18:13:42 GMT
- request:
    method: get
    uri: https://api.themoviedb.org/3/movie/238?api_key=86f361cca6ee286354949e22ca339323&language=en-US
    body:
      encoding: US-ASCII
      string: ''
    headers:
      User-Agent:
      - Faraday v2.7.4
      Accept-Encoding:
      - gzip;q=1.0,deflate;q=0.6,identity;q=0.3
      Accept:
      - "*/*"
  response:
    status:
      code: 200
      message: OK
    headers:
      Content-Type:
      - application/json;charset=utf-8
      Transfer-Encoding:
      - chunked
      Connection:
      - keep-alive
      Date:
      - Mon, 03 Apr 2023 17:59:21 GMT
      Server:
      - openresty
      Cache-Control:
      - public, max-age=24538
      X-Memc:
      - HIT
      X-Memc-Key:
      - 9d48db5c244b9c3e3d162ef155211175
      X-Memc-Age:
      - '7149'
      X-Memc-Expires:
      - '8457'
      Etag:
      - W/"d83513abde3474fb4d2c5ff7ac43eb26"
      Vary:
      - Accept-Encoding
      - Origin
      X-Cache:
      - Hit from cloudfront
      Via:
      - 1.1 c80b70b966f77484dd4b07f18b2c6fdc.cloudfront.net (CloudFront)
      X-Amz-Cf-Pop:
      - LAX53-P3
      Alt-Svc:
      - h3=":443"; ma=86400
      X-Amz-Cf-Id:
      - paBwgIaf_a7HKiH8JhaQ-Gnw9FPtmacJpQ26o-z5-UybBrOG36vyPQ==
      Age:
      - '861'
    body:
      encoding: ASCII-8BIT
      string: '{"adult":false,"backdrop_path":"/tmU7GeKVybMWFButWEGl2M4GeiP.jpg","belongs_to_collection":{"id":230,"name":"The
        Godfather Collection","poster_path":"/9Baumh5J9N1nJUYzNkm0xsgjpwY.jpg","backdrop_path":"/3WZTxpgscsmoUk81TuECXdFOD0R.jpg"},"budget":6000000,"genres":[{"id":18,"name":"Drama"},{"id":80,"name":"Crime"}],"homepage":"http://www.thegodfather.com/","id":238,"imdb_id":"tt0068646","original_language":"en","original_title":"The
        Godfather","overview":"Spanning the years 1945 to 1955, a chronicle of the
        fictional Italian-American Corleone crime family. When organized crime family
        patriarch, Vito Corleone barely survives an attempt on his life, his youngest
        son, Michael steps in to take care of the would-be killers, launching a campaign
        of bloody revenge.","popularity":116.283,"poster_path":"/3bhkrj58Vtu7enYsRolD1fZdja1.jpg","production_companies":[{"id":4,"logo_path":"/gz66EfNoYPqHTYI4q9UEN4CbHRc.png","name":"Paramount","origin_country":"US"},{"id":10211,"logo_path":null,"name":"Alfran
        Productions","origin_country":"US"}],"production_countries":[{"iso_3166_1":"US","name":"United
        States of America"}],"release_date":"1972-03-14","revenue":245066411,"runtime":175,"spoken_languages":[{"english_name":"English","iso_639_1":"en","name":"English"},{"english_name":"Italian","iso_639_1":"it","name":"Italiano"},{"english_name":"Latin","iso_639_1":"la","name":"Latin"}],"status":"Released","tagline":"An
        offer you can''t refuse.","title":"The Godfather","video":false,"vote_average":8.712,"vote_count":17680}'
  recorded_at: Mon, 03 Apr 2023 18:13:42 GMT
- request:
    method: get
    uri: https://api.themoviedb.org/3/movie/238?api_key=86f361cca6ee286354949e22ca339323&language=en-US
    body:
      encoding: US-ASCII
      string: ''
    headers:
      User-Agent:
      - Faraday v2.7.4
      Accept-Encoding:
      - gzip;q=1.0,deflate;q=0.6,identity;q=0.3
      Accept:
      - "*/*"
  response:
    status:
      code: 200
      message: OK
    headers:
      Content-Type:
      - application/json;charset=utf-8
      Transfer-Encoding:
      - chunked
      Connection:
      - keep-alive
      Date:
      - Mon, 03 Apr 2023 17:59:21 GMT
      Server:
      - openresty
      Cache-Control:
      - public, max-age=24538
      X-Memc:
      - HIT
      X-Memc-Key:
      - 9d48db5c244b9c3e3d162ef155211175
      X-Memc-Age:
      - '7149'
      X-Memc-Expires:
      - '8457'
      Etag:
      - W/"d83513abde3474fb4d2c5ff7ac43eb26"
      Vary:
      - Accept-Encoding
      - Origin
      X-Cache:
      - Hit from cloudfront
      Via:
      - 1.1 b6ab3ffdb534f56e4c7e6d34f16b224e.cloudfront.net (CloudFront)
      X-Amz-Cf-Pop:
      - LAX53-P3
      Alt-Svc:
      - h3=":443"; ma=86400
      X-Amz-Cf-Id:
      - FjFZWaFBHtldNN7KMpaeex50QUBYNKbZMjrqLrAJPBHs0FZcaGW0rg==
      Age:
      - '861'
    body:
      encoding: ASCII-8BIT
      string: '{"adult":false,"backdrop_path":"/tmU7GeKVybMWFButWEGl2M4GeiP.jpg","belongs_to_collection":{"id":230,"name":"The
        Godfather Collection","poster_path":"/9Baumh5J9N1nJUYzNkm0xsgjpwY.jpg","backdrop_path":"/3WZTxpgscsmoUk81TuECXdFOD0R.jpg"},"budget":6000000,"genres":[{"id":18,"name":"Drama"},{"id":80,"name":"Crime"}],"homepage":"http://www.thegodfather.com/","id":238,"imdb_id":"tt0068646","original_language":"en","original_title":"The
        Godfather","overview":"Spanning the years 1945 to 1955, a chronicle of the
        fictional Italian-American Corleone crime family. When organized crime family
        patriarch, Vito Corleone barely survives an attempt on his life, his youngest
        son, Michael steps in to take care of the would-be killers, launching a campaign
        of bloody revenge.","popularity":116.283,"poster_path":"/3bhkrj58Vtu7enYsRolD1fZdja1.jpg","production_companies":[{"id":4,"logo_path":"/gz66EfNoYPqHTYI4q9UEN4CbHRc.png","name":"Paramount","origin_country":"US"},{"id":10211,"logo_path":null,"name":"Alfran
        Productions","origin_country":"US"}],"production_countries":[{"iso_3166_1":"US","name":"United
        States of America"}],"release_date":"1972-03-14","revenue":245066411,"runtime":175,"spoken_languages":[{"english_name":"English","iso_639_1":"en","name":"English"},{"english_name":"Italian","iso_639_1":"it","name":"Italiano"},{"english_name":"Latin","iso_639_1":"la","name":"Latin"}],"status":"Released","tagline":"An
        offer you can''t refuse.","title":"The Godfather","video":false,"vote_average":8.712,"vote_count":17680}'
  recorded_at: Mon, 03 Apr 2023 18:13:42 GMT
- request:
    method: get
    uri: https://api.themoviedb.org/3/movie/238?api_key=86f361cca6ee286354949e22ca339323&language=en-US
    body:
      encoding: US-ASCII
      string: ''
    headers:
      User-Agent:
      - Faraday v2.7.4
      Accept-Encoding:
      - gzip;q=1.0,deflate;q=0.6,identity;q=0.3
      Accept:
      - "*/*"
  response:
    status:
      code: 200
      message: OK
    headers:
      Content-Type:
      - application/json;charset=utf-8
      Transfer-Encoding:
      - chunked
      Connection:
      - keep-alive
      Date:
      - Mon, 03 Apr 2023 17:59:21 GMT
      Server:
      - openresty
      Cache-Control:
      - public, max-age=24538
      X-Memc:
      - HIT
      X-Memc-Key:
      - 9d48db5c244b9c3e3d162ef155211175
      X-Memc-Age:
      - '7149'
      X-Memc-Expires:
      - '8457'
      Etag:
      - W/"d83513abde3474fb4d2c5ff7ac43eb26"
      Vary:
      - Accept-Encoding
      - Origin
      X-Cache:
      - Hit from cloudfront
      Via:
      - 1.1 48c63ba47fad740451a07174d1ac9b68.cloudfront.net (CloudFront)
      X-Amz-Cf-Pop:
      - LAX53-P3
      Alt-Svc:
      - h3=":443"; ma=86400
      X-Amz-Cf-Id:
      - G4A33ets0dhEF4y3ebAsb2IDcmgJrUo4NMaxKLwxfK6se66kpemT5A==
      Age:
      - '861'
    body:
      encoding: ASCII-8BIT
      string: '{"adult":false,"backdrop_path":"/tmU7GeKVybMWFButWEGl2M4GeiP.jpg","belongs_to_collection":{"id":230,"name":"The
        Godfather Collection","poster_path":"/9Baumh5J9N1nJUYzNkm0xsgjpwY.jpg","backdrop_path":"/3WZTxpgscsmoUk81TuECXdFOD0R.jpg"},"budget":6000000,"genres":[{"id":18,"name":"Drama"},{"id":80,"name":"Crime"}],"homepage":"http://www.thegodfather.com/","id":238,"imdb_id":"tt0068646","original_language":"en","original_title":"The
        Godfather","overview":"Spanning the years 1945 to 1955, a chronicle of the
        fictional Italian-American Corleone crime family. When organized crime family
        patriarch, Vito Corleone barely survives an attempt on his life, his youngest
        son, Michael steps in to take care of the would-be killers, launching a campaign
        of bloody revenge.","popularity":116.283,"poster_path":"/3bhkrj58Vtu7enYsRolD1fZdja1.jpg","production_companies":[{"id":4,"logo_path":"/gz66EfNoYPqHTYI4q9UEN4CbHRc.png","name":"Paramount","origin_country":"US"},{"id":10211,"logo_path":null,"name":"Alfran
        Productions","origin_country":"US"}],"production_countries":[{"iso_3166_1":"US","name":"United
        States of America"}],"release_date":"1972-03-14","revenue":245066411,"runtime":175,"spoken_languages":[{"english_name":"English","iso_639_1":"en","name":"English"},{"english_name":"Italian","iso_639_1":"it","name":"Italiano"},{"english_name":"Latin","iso_639_1":"la","name":"Latin"}],"status":"Released","tagline":"An
        offer you can''t refuse.","title":"The Godfather","video":false,"vote_average":8.712,"vote_count":17680}'
  recorded_at: Mon, 03 Apr 2023 18:13:42 GMT
- request:
    method: get
    uri: https://api.themoviedb.org/3/movie/239?api_key=86f361cca6ee286354949e22ca339323&language=en-US
    body:
      encoding: US-ASCII
      string: ''
    headers:
      User-Agent:
      - Faraday v2.7.4
      Accept-Encoding:
      - gzip;q=1.0,deflate;q=0.6,identity;q=0.3
      Accept:
      - "*/*"
  response:
    status:
      code: 200
      message: OK
    headers:
      Content-Type:
      - application/json;charset=utf-8
      Transfer-Encoding:
      - chunked
      Connection:
      - keep-alive
      Date:
      - Mon, 03 Apr 2023 17:59:33 GMT
      Server:
      - openresty
      Cache-Control:
      - public, max-age=25131
      X-Memc:
      - HIT
      X-Memc-Key:
      - d4b7ee17e759643759854c4968846943
      X-Memc-Age:
      - '7668'
      X-Memc-Expires:
      - '8181'
      Etag:
      - W/"80c90f80fbf10a42a32cad7cd70de79a"
      Vary:
      - Accept-Encoding
      - Origin
      X-Cache:
      - Hit from cloudfront
      Via:
      - 1.1 db0779cd784f6dfcf4cedcfe05ea2df6.cloudfront.net (CloudFront)
      X-Amz-Cf-Pop:
      - LAX53-P3
      Alt-Svc:
      - h3=":443"; ma=86400
      X-Amz-Cf-Id:
      - KTzLDDk2h5BF5pXhn-dTXO_-ort5p0WYpkefcj7-fC4WWHY-LwpmZw==
      Age:
      - '849'
    body:
      encoding: ASCII-8BIT
      string: '{"adult":false,"backdrop_path":"/5zTwAcnI3zCJ0mucPPnoBtkSWEV.jpg","belongs_to_collection":null,"budget":2883848,"genres":[{"id":35,"name":"Comedy"},{"id":10402,"name":"Music"},{"id":10749,"name":"Romance"},{"id":80,"name":"Crime"}],"homepage":"","id":239,"imdb_id":"tt0053291","original_language":"en","original_title":"Some
        Like It Hot","overview":"Two musicians witness a mob hit and struggle to find
        a way out of the city before they are found by the gangsters. Their only opportunity
        is to join an all-girl band as they leave on a tour. To make their getaway
        they must first disguise themselves as women, then keep their identities secret
        and deal with the problems this brings - such as an attractive bandmate and
        a very determined suitor.","popularity":26.751,"poster_path":"/hVIKyTK13AvOGv7ICmJjK44DTzp.jpg","production_companies":[{"id":219,"logo_path":null,"name":"The
        Mirisch Company","origin_country":"US"},{"id":11982,"logo_path":null,"name":"Ashton
        Productions","origin_country":""},{"id":60,"logo_path":"/1SEj4nyG3JPBSKBbFhtdcHRaIF9.png","name":"United
        Artists","origin_country":"US"}],"production_countries":[{"iso_3166_1":"US","name":"United
        States of America"}],"release_date":"1959-03-19","revenue":25000000,"runtime":122,"spoken_languages":[{"english_name":"English","iso_639_1":"en","name":"English"}],"status":"Released","tagline":"Marilyn
        Monroe and her bosom companions... Tony Curtis... Jack Lemmon...","title":"Some
        Like It Hot","video":false,"vote_average":8.123,"vote_count":2992}'
  recorded_at: Mon, 03 Apr 2023 18:13:42 GMT
- request:
    method: get
    uri: https://api.themoviedb.org/3/movie/239?api_key=86f361cca6ee286354949e22ca339323&language=en-US
    body:
      encoding: US-ASCII
      string: ''
    headers:
      User-Agent:
      - Faraday v2.7.4
      Accept-Encoding:
      - gzip;q=1.0,deflate;q=0.6,identity;q=0.3
      Accept:
      - "*/*"
  response:
    status:
      code: 200
      message: OK
    headers:
      Content-Type:
      - application/json;charset=utf-8
      Transfer-Encoding:
      - chunked
      Connection:
      - keep-alive
      Date:
      - Mon, 03 Apr 2023 17:59:33 GMT
      Server:
      - openresty
      Cache-Control:
      - public, max-age=25131
      X-Memc:
      - HIT
      X-Memc-Key:
      - d4b7ee17e759643759854c4968846943
      X-Memc-Age:
      - '7668'
      X-Memc-Expires:
      - '8181'
      Etag:
      - W/"80c90f80fbf10a42a32cad7cd70de79a"
      Vary:
      - Accept-Encoding
      - Origin
      X-Cache:
      - Hit from cloudfront
      Via:
      - 1.1 5da8684e29a12c12f87c2c9e3e2d4904.cloudfront.net (CloudFront)
      X-Amz-Cf-Pop:
      - LAX53-P3
      Alt-Svc:
      - h3=":443"; ma=86400
      X-Amz-Cf-Id:
      - SMUfWE2hP4vrjBajR0SrfTbDKz57UNoeIJIQbXPOg-hguTz6GgZ5yw==
      Age:
      - '850'
    body:
      encoding: ASCII-8BIT
      string: '{"adult":false,"backdrop_path":"/5zTwAcnI3zCJ0mucPPnoBtkSWEV.jpg","belongs_to_collection":null,"budget":2883848,"genres":[{"id":35,"name":"Comedy"},{"id":10402,"name":"Music"},{"id":10749,"name":"Romance"},{"id":80,"name":"Crime"}],"homepage":"","id":239,"imdb_id":"tt0053291","original_language":"en","original_title":"Some
        Like It Hot","overview":"Two musicians witness a mob hit and struggle to find
        a way out of the city before they are found by the gangsters. Their only opportunity
        is to join an all-girl band as they leave on a tour. To make their getaway
        they must first disguise themselves as women, then keep their identities secret
        and deal with the problems this brings - such as an attractive bandmate and
        a very determined suitor.","popularity":26.751,"poster_path":"/hVIKyTK13AvOGv7ICmJjK44DTzp.jpg","production_companies":[{"id":219,"logo_path":null,"name":"The
        Mirisch Company","origin_country":"US"},{"id":11982,"logo_path":null,"name":"Ashton
        Productions","origin_country":""},{"id":60,"logo_path":"/1SEj4nyG3JPBSKBbFhtdcHRaIF9.png","name":"United
        Artists","origin_country":"US"}],"production_countries":[{"iso_3166_1":"US","name":"United
        States of America"}],"release_date":"1959-03-19","revenue":25000000,"runtime":122,"spoken_languages":[{"english_name":"English","iso_639_1":"en","name":"English"}],"status":"Released","tagline":"Marilyn
        Monroe and her bosom companions... Tony Curtis... Jack Lemmon...","title":"Some
        Like It Hot","video":false,"vote_average":8.123,"vote_count":2992}'
  recorded_at: Mon, 03 Apr 2023 18:13:43 GMT
recorded_with: VCR 6.1.0
