---
http_interactions:
- request:
    method: get
    uri: https://api.themoviedb.org/3/movie/238?api_key=86f361cca6ee286354949e22ca339323&language=en-US
    body:
      encoding: US-ASCII
      string: ''
    headers:
      User-Agent:
      - Faraday v2.7.4
      Accept-Encoding:
      - gzip;q=1.0,deflate;q=0.6,identity;q=0.3
      Accept:
      - "*/*"
  response:
    status:
      code: 200
      message: OK
    headers:
      Content-Type:
      - application/json;charset=utf-8
      Transfer-Encoding:
      - chunked
      Connection:
      - keep-alive
      Date:
      - Mon, 03 Apr 2023 17:59:21 GMT
      Server:
      - openresty
      Cache-Control:
      - public, max-age=24538
      X-Memc:
      - HIT
      X-Memc-Key:
      - 9d48db5c244b9c3e3d162ef155211175
      X-Memc-Age:
      - '7149'
      X-Memc-Expires:
      - '8457'
      Etag:
      - W/"d83513abde3474fb4d2c5ff7ac43eb26"
      Vary:
      - Accept-Encoding
      - Origin
      X-Cache:
      - Hit from cloudfront
      Via:
      - 1.1 38a1b6b88186539189dcd472aa234808.cloudfront.net (CloudFront)
      X-Amz-Cf-Pop:
      - LAX53-P3
      Alt-Svc:
      - h3=":443"; ma=86400
      X-Amz-Cf-Id:
      - KuYmumRqov1bssh_dQ9c4mDFAvhsO4YEI1WuPfxMItKzrT1C2cWVJQ==
      Age:
      - '858'
    body:
      encoding: ASCII-8BIT
      string: '{"adult":false,"backdrop_path":"/tmU7GeKVybMWFButWEGl2M4GeiP.jpg","belongs_to_collection":{"id":230,"name":"The
        Godfather Collection","poster_path":"/9Baumh5J9N1nJUYzNkm0xsgjpwY.jpg","backdrop_path":"/3WZTxpgscsmoUk81TuECXdFOD0R.jpg"},"budget":6000000,"genres":[{"id":18,"name":"Drama"},{"id":80,"name":"Crime"}],"homepage":"http://www.thegodfather.com/","id":238,"imdb_id":"tt0068646","original_language":"en","original_title":"The
        Godfather","overview":"Spanning the years 1945 to 1955, a chronicle of the
        fictional Italian-American Corleone crime family. When organized crime family
        patriarch, Vito Corleone barely survives an attempt on his life, his youngest
        son, Michael steps in to take care of the would-be killers, launching a campaign
        of bloody revenge.","popularity":116.283,"poster_path":"/3bhkrj58Vtu7enYsRolD1fZdja1.jpg","production_companies":[{"id":4,"logo_path":"/gz66EfNoYPqHTYI4q9UEN4CbHRc.png","name":"Paramount","origin_country":"US"},{"id":10211,"logo_path":null,"name":"Alfran
        Productions","origin_country":"US"}],"production_countries":[{"iso_3166_1":"US","name":"United
        States of America"}],"release_date":"1972-03-14","revenue":245066411,"runtime":175,"spoken_languages":[{"english_name":"English","iso_639_1":"en","name":"English"},{"english_name":"Italian","iso_639_1":"it","name":"Italiano"},{"english_name":"Latin","iso_639_1":"la","name":"Latin"}],"status":"Released","tagline":"An
        offer you can''t refuse.","title":"The Godfather","video":false,"vote_average":8.712,"vote_count":17680}'
  recorded_at: Mon, 03 Apr 2023 18:13:39 GMT
- request:
    method: get
    uri: https://api.themoviedb.org/3/movie/238?api_key=86f361cca6ee286354949e22ca339323&language=en-US
    body:
      encoding: US-ASCII
      string: ''
    headers:
      User-Agent:
      - Faraday v2.7.4
      Accept-Encoding:
      - gzip;q=1.0,deflate;q=0.6,identity;q=0.3
      Accept:
      - "*/*"
  response:
    status:
      code: 200
      message: OK
    headers:
      Content-Type:
      - application/json;charset=utf-8
      Transfer-Encoding:
      - chunked
      Connection:
      - keep-alive
      Date:
      - Mon, 03 Apr 2023 17:59:21 GMT
      Server:
      - openresty
      Cache-Control:
      - public, max-age=24538
      X-Memc:
      - HIT
      X-Memc-Key:
      - 9d48db5c244b9c3e3d162ef155211175
      X-Memc-Age:
      - '7149'
      X-Memc-Expires:
      - '8457'
      Etag:
      - W/"d83513abde3474fb4d2c5ff7ac43eb26"
      Vary:
      - Accept-Encoding
      - Origin
      X-Cache:
      - Hit from cloudfront
      Via:
      - 1.1 2e153f50cab65b730e39dcf802397e06.cloudfront.net (CloudFront)
      X-Amz-Cf-Pop:
      - LAX53-P3
      Alt-Svc:
      - h3=":443"; ma=86400
      X-Amz-Cf-Id:
      - pIoDngdbPSJxNdoMp8E1dlRgLwp4iEoSb0T4424miMWHzvPWggZwkQ==
      Age:
      - '858'
    body:
      encoding: ASCII-8BIT
      string: '{"adult":false,"backdrop_path":"/tmU7GeKVybMWFButWEGl2M4GeiP.jpg","belongs_to_collection":{"id":230,"name":"The
        Godfather Collection","poster_path":"/9Baumh5J9N1nJUYzNkm0xsgjpwY.jpg","backdrop_path":"/3WZTxpgscsmoUk81TuECXdFOD0R.jpg"},"budget":6000000,"genres":[{"id":18,"name":"Drama"},{"id":80,"name":"Crime"}],"homepage":"http://www.thegodfather.com/","id":238,"imdb_id":"tt0068646","original_language":"en","original_title":"The
        Godfather","overview":"Spanning the years 1945 to 1955, a chronicle of the
        fictional Italian-American Corleone crime family. When organized crime family
        patriarch, Vito Corleone barely survives an attempt on his life, his youngest
        son, Michael steps in to take care of the would-be killers, launching a campaign
        of bloody revenge.","popularity":116.283,"poster_path":"/3bhkrj58Vtu7enYsRolD1fZdja1.jpg","production_companies":[{"id":4,"logo_path":"/gz66EfNoYPqHTYI4q9UEN4CbHRc.png","name":"Paramount","origin_country":"US"},{"id":10211,"logo_path":null,"name":"Alfran
        Productions","origin_country":"US"}],"production_countries":[{"iso_3166_1":"US","name":"United
        States of America"}],"release_date":"1972-03-14","revenue":245066411,"runtime":175,"spoken_languages":[{"english_name":"English","iso_639_1":"en","name":"English"},{"english_name":"Italian","iso_639_1":"it","name":"Italiano"},{"english_name":"Latin","iso_639_1":"la","name":"Latin"}],"status":"Released","tagline":"An
        offer you can''t refuse.","title":"The Godfather","video":false,"vote_average":8.712,"vote_count":17680}'
  recorded_at: Mon, 03 Apr 2023 18:13:39 GMT
- request:
    method: get
    uri: https://api.themoviedb.org/3/movie/238?api_key=86f361cca6ee286354949e22ca339323&language=en-US
    body:
      encoding: US-ASCII
      string: ''
    headers:
      User-Agent:
      - Faraday v2.7.4
      Accept-Encoding:
      - gzip;q=1.0,deflate;q=0.6,identity;q=0.3
      Accept:
      - "*/*"
  response:
    status:
      code: 200
      message: OK
    headers:
      Content-Type:
      - application/json;charset=utf-8
      Transfer-Encoding:
      - chunked
      Connection:
      - keep-alive
      Date:
      - Mon, 03 Apr 2023 17:59:21 GMT
      Server:
      - openresty
      Cache-Control:
      - public, max-age=24538
      X-Memc:
      - HIT
      X-Memc-Key:
      - 9d48db5c244b9c3e3d162ef155211175
      X-Memc-Age:
      - '7149'
      X-Memc-Expires:
      - '8457'
      Etag:
      - W/"d83513abde3474fb4d2c5ff7ac43eb26"
      Vary:
      - Accept-Encoding
      - Origin
      X-Cache:
      - Hit from cloudfront
      Via:
      - 1.1 ccea47e1c80d51ab742eb6744a77f4ae.cloudfront.net (CloudFront)
      X-Amz-Cf-Pop:
      - LAX53-P3
      Alt-Svc:
      - h3=":443"; ma=86400
      X-Amz-Cf-Id:
      - gg1CJaaQJZvcZddOEFnqxcVRtNiYRfefuN_KWXi-BG8WGyxCGsDiWw==
      Age:
      - '858'
    body:
      encoding: ASCII-8BIT
      string: '{"adult":false,"backdrop_path":"/tmU7GeKVybMWFButWEGl2M4GeiP.jpg","belongs_to_collection":{"id":230,"name":"The
        Godfather Collection","poster_path":"/9Baumh5J9N1nJUYzNkm0xsgjpwY.jpg","backdrop_path":"/3WZTxpgscsmoUk81TuECXdFOD0R.jpg"},"budget":6000000,"genres":[{"id":18,"name":"Drama"},{"id":80,"name":"Crime"}],"homepage":"http://www.thegodfather.com/","id":238,"imdb_id":"tt0068646","original_language":"en","original_title":"The
        Godfather","overview":"Spanning the years 1945 to 1955, a chronicle of the
        fictional Italian-American Corleone crime family. When organized crime family
        patriarch, Vito Corleone barely survives an attempt on his life, his youngest
        son, Michael steps in to take care of the would-be killers, launching a campaign
        of bloody revenge.","popularity":116.283,"poster_path":"/3bhkrj58Vtu7enYsRolD1fZdja1.jpg","production_companies":[{"id":4,"logo_path":"/gz66EfNoYPqHTYI4q9UEN4CbHRc.png","name":"Paramount","origin_country":"US"},{"id":10211,"logo_path":null,"name":"Alfran
        Productions","origin_country":"US"}],"production_countries":[{"iso_3166_1":"US","name":"United
        States of America"}],"release_date":"1972-03-14","revenue":245066411,"runtime":175,"spoken_languages":[{"english_name":"English","iso_639_1":"en","name":"English"},{"english_name":"Italian","iso_639_1":"it","name":"Italiano"},{"english_name":"Latin","iso_639_1":"la","name":"Latin"}],"status":"Released","tagline":"An
        offer you can''t refuse.","title":"The Godfather","video":false,"vote_average":8.712,"vote_count":17680}'
  recorded_at: Mon, 03 Apr 2023 18:13:39 GMT
- request:
    method: get
    uri: https://api.themoviedb.org/3/movie/238?api_key=86f361cca6ee286354949e22ca339323&language=en-US
    body:
      encoding: US-ASCII
      string: ''
    headers:
      User-Agent:
      - Faraday v2.7.4
      Accept-Encoding:
      - gzip;q=1.0,deflate;q=0.6,identity;q=0.3
      Accept:
      - "*/*"
  response:
    status:
      code: 200
      message: OK
    headers:
      Content-Type:
      - application/json;charset=utf-8
      Transfer-Encoding:
      - chunked
      Connection:
      - keep-alive
      Date:
      - Mon, 03 Apr 2023 17:59:21 GMT
      Server:
      - openresty
      Cache-Control:
      - public, max-age=24538
      X-Memc:
      - HIT
      X-Memc-Key:
      - 9d48db5c244b9c3e3d162ef155211175
      X-Memc-Age:
      - '7149'
      X-Memc-Expires:
      - '8457'
      Etag:
      - W/"d83513abde3474fb4d2c5ff7ac43eb26"
      Vary:
      - Accept-Encoding
      - Origin
      X-Cache:
      - Hit from cloudfront
      Via:
      - 1.1 db32624c5dc337980a1ac852f19a9c7e.cloudfront.net (CloudFront)
      X-Amz-Cf-Pop:
      - LAX53-P3
      Alt-Svc:
      - h3=":443"; ma=86400
      X-Amz-Cf-Id:
      - r2qdaC8q3SRvXn7pzppvkASgLKm1D9TAbPjqqoi0qa-RxDhAW7grSw==
      Age:
      - '858'
    body:
      encoding: ASCII-8BIT
      string: '{"adult":false,"backdrop_path":"/tmU7GeKVybMWFButWEGl2M4GeiP.jpg","belongs_to_collection":{"id":230,"name":"The
        Godfather Collection","poster_path":"/9Baumh5J9N1nJUYzNkm0xsgjpwY.jpg","backdrop_path":"/3WZTxpgscsmoUk81TuECXdFOD0R.jpg"},"budget":6000000,"genres":[{"id":18,"name":"Drama"},{"id":80,"name":"Crime"}],"homepage":"http://www.thegodfather.com/","id":238,"imdb_id":"tt0068646","original_language":"en","original_title":"The
        Godfather","overview":"Spanning the years 1945 to 1955, a chronicle of the
        fictional Italian-American Corleone crime family. When organized crime family
        patriarch, Vito Corleone barely survives an attempt on his life, his youngest
        son, Michael steps in to take care of the would-be killers, launching a campaign
        of bloody revenge.","popularity":116.283,"poster_path":"/3bhkrj58Vtu7enYsRolD1fZdja1.jpg","production_companies":[{"id":4,"logo_path":"/gz66EfNoYPqHTYI4q9UEN4CbHRc.png","name":"Paramount","origin_country":"US"},{"id":10211,"logo_path":null,"name":"Alfran
        Productions","origin_country":"US"}],"production_countries":[{"iso_3166_1":"US","name":"United
        States of America"}],"release_date":"1972-03-14","revenue":245066411,"runtime":175,"spoken_languages":[{"english_name":"English","iso_639_1":"en","name":"English"},{"english_name":"Italian","iso_639_1":"it","name":"Italiano"},{"english_name":"Latin","iso_639_1":"la","name":"Latin"}],"status":"Released","tagline":"An
        offer you can''t refuse.","title":"The Godfather","video":false,"vote_average":8.712,"vote_count":17680}'
  recorded_at: Mon, 03 Apr 2023 18:13:39 GMT
- request:
    method: get
    uri: https://api.themoviedb.org/3/movie/238?api_key=86f361cca6ee286354949e22ca339323&language=en-US
    body:
      encoding: US-ASCII
      string: ''
    headers:
      User-Agent:
      - Faraday v2.7.4
      Accept-Encoding:
      - gzip;q=1.0,deflate;q=0.6,identity;q=0.3
      Accept:
      - "*/*"
  response:
    status:
      code: 200
      message: OK
    headers:
      Content-Type:
      - application/json;charset=utf-8
      Transfer-Encoding:
      - chunked
      Connection:
      - keep-alive
      Date:
      - Mon, 03 Apr 2023 17:59:21 GMT
      Server:
      - openresty
      Cache-Control:
      - public, max-age=24538
      X-Memc:
      - HIT
      X-Memc-Key:
      - 9d48db5c244b9c3e3d162ef155211175
      X-Memc-Age:
      - '7149'
      X-Memc-Expires:
      - '8457'
      Etag:
      - W/"d83513abde3474fb4d2c5ff7ac43eb26"
      Vary:
      - Accept-Encoding
      - Origin
      X-Cache:
      - Hit from cloudfront
      Via:
      - 1.1 ecddf7c2880cdca1fc448f578fd6d1d8.cloudfront.net (CloudFront)
      X-Amz-Cf-Pop:
      - LAX53-P3
      Alt-Svc:
      - h3=":443"; ma=86400
      X-Amz-Cf-Id:
      - Sd8Qo9JaMKquMO-MMHVxCpryJa9fhdG9gVCUunNL6t6L26TmOx7vZg==
      Age:
      - '859'
    body:
      encoding: ASCII-8BIT
      string: '{"adult":false,"backdrop_path":"/tmU7GeKVybMWFButWEGl2M4GeiP.jpg","belongs_to_collection":{"id":230,"name":"The
        Godfather Collection","poster_path":"/9Baumh5J9N1nJUYzNkm0xsgjpwY.jpg","backdrop_path":"/3WZTxpgscsmoUk81TuECXdFOD0R.jpg"},"budget":6000000,"genres":[{"id":18,"name":"Drama"},{"id":80,"name":"Crime"}],"homepage":"http://www.thegodfather.com/","id":238,"imdb_id":"tt0068646","original_language":"en","original_title":"The
        Godfather","overview":"Spanning the years 1945 to 1955, a chronicle of the
        fictional Italian-American Corleone crime family. When organized crime family
        patriarch, Vito Corleone barely survives an attempt on his life, his youngest
        son, Michael steps in to take care of the would-be killers, launching a campaign
        of bloody revenge.","popularity":116.283,"poster_path":"/3bhkrj58Vtu7enYsRolD1fZdja1.jpg","production_companies":[{"id":4,"logo_path":"/gz66EfNoYPqHTYI4q9UEN4CbHRc.png","name":"Paramount","origin_country":"US"},{"id":10211,"logo_path":null,"name":"Alfran
        Productions","origin_country":"US"}],"production_countries":[{"iso_3166_1":"US","name":"United
        States of America"}],"release_date":"1972-03-14","revenue":245066411,"runtime":175,"spoken_languages":[{"english_name":"English","iso_639_1":"en","name":"English"},{"english_name":"Italian","iso_639_1":"it","name":"Italiano"},{"english_name":"Latin","iso_639_1":"la","name":"Latin"}],"status":"Released","tagline":"An
        offer you can''t refuse.","title":"The Godfather","video":false,"vote_average":8.712,"vote_count":17680}'
  recorded_at: Mon, 03 Apr 2023 18:13:40 GMT
recorded_with: VCR 6.1.0
